Step:          0 Energy:                                        -607.35593
Step:        100 Energy:                                        -589.12090
Step:        200 Energy:                                        -577.31818
Step:        300 Energy:                                        -564.05638
Step:        400 Energy:                                        -551.92886
Step:        500 Energy:                                        -540.01142
Step:        600 Energy:                                        -532.49193
Step:        700 Energy:                                        -515.72149
Step:        800 Energy:                                        -504.23344
Step:        900 Energy:                                        -495.71765
Step:       1000 Energy:                                        -491.77762
Step:       1100 Energy:                                        -485.40175
Step:       1200 Energy:                                        -480.57738
Step:       1300 Energy:                                        -473.05500
Step:       1400 Energy:                                        -468.42189
Step:       1500 Energy:                                        -460.88584
Step:       1600 Energy:                                        -456.60938
Step:       1700 Energy:                                        -444.85645
Step:       1800 Energy:                                        -438.57839
Step:       1900 Energy:                                        -441.07383
Step:       2000 Energy:                                        -434.64991
Step:       2100 Energy:                                        -431.72593
Step:       2200 Energy:                                        -434.35047
Step:       2300 Energy:                                        -430.18504
Step:       2400 Energy:                                        -425.17844
Step:       2500 Energy:                                        -419.87297
Step:       2600 Energy:                                        -415.17418
Step:       2700 Energy:                                        -408.84114
Step:       2800 Energy:                                        -405.68949
Step:       2900 Energy:                                        -403.22490
Step:       3000 Energy:                                        -405.61620
Step:       3100 Energy:                                        -404.35884
Step:       3200 Energy:                                        -411.38361
Step:       3300 Energy:                                        -405.79409
Step:       3400 Energy:                                        -410.25007
Step:       3500 Energy:                                        -407.85561
Step:       3600 Energy:                                        -394.98182
Step:       3700 Energy:                                        -392.96758
Step:       3800 Energy:                                        -396.78013
Step:       3900 Energy:                                        -396.40378
Step:       4000 Energy:                                        -397.38094
Step:       4100 Energy:                                        -394.37140
Step:       4200 Energy:                                        -387.27239
Step:       4300 Energy:                                        -388.33606
Step:       4400 Energy:                                        -385.98017
Step:       4500 Energy:                                        -388.38093
Step:       4600 Energy:                                        -385.47142
Step:       4700 Energy:                                        -383.96655
Step:       4800 Energy:                                        -390.74638
Step:       4900 Energy:                                        -390.07998
Step:       5000 Energy:                                        -388.42892
Step:       5100 Energy:                                        -393.56691
Step:       5200 Energy:                                        -391.13796
Step:       5300 Energy:                                        -389.45148
Step:       5400 Energy:                                        -387.84225
Step:       5500 Energy:                                        -388.60504
Step:       5600 Energy:                                        -386.95357
Step:       5700 Energy:                                        -390.76206
Step:       5800 Energy:                                        -391.93991
Step:       5900 Energy:                                        -392.13843
Step:       6000 Energy:                                        -386.02936
Step:       6100 Energy:                                        -383.54856
Step:       6200 Energy:                                        -390.18483
Step:       6300 Energy:                                        -388.93764
Step:       6400 Energy:                                        -387.68971
Step:       6500 Energy:                                        -390.13066
Step:       6600 Energy:                                        -386.99127
Step:       6700 Energy:                                        -387.09407
Step:       6800 Energy:                                        -385.33583
Step:       6900 Energy:                                        -384.97414
Step:       7000 Energy:                                        -394.34309
Step:       7100 Energy:                                        -395.79391
Step:       7200 Energy:                                        -399.61670
Step:       7300 Energy:                                        -401.74807
Step:       7400 Energy:                                        -389.02246
Step:       7500 Energy:                                        -394.81742
Step:       7600 Energy:                                        -392.21916
Step:       7700 Energy:                                        -392.23646
Step:       7800 Energy:                                        -397.76461
Step:       7900 Energy:                                        -406.04705
Step:       8000 Energy:                                        -408.88976
Step:       8100 Energy:                                        -416.23066
Step:       8200 Energy:                                        -417.41331
Step:       8300 Energy:                                        -419.40626
Step:       8400 Energy:                                        -419.78604
Step:       8500 Energy:                                        -422.31419
Step:       8600 Energy:                                        -419.32495
Step:       8700 Energy:                                        -413.80371
Step:       8800 Energy:                                        -418.84284
Step:       8900 Energy:                                        -413.23136
Step:       9000 Energy:                                        -414.67367
Step:       9100 Energy:                                        -414.74660
Step:       9200 Energy:                                        -415.67980
Step:       9300 Energy:                                        -419.77440
Step:       9400 Energy:                                        -416.98508
Step:       9500 Energy:                                        -415.67617
Step:       9600 Energy:                                        -418.35118
Step:       9700 Energy:                                        -420.76190
Step:       9800 Energy:                                        -418.60594
Step:       9900 Energy:                                        -421.91875
